[decree] backend: commands.ai_router (chat prompt; provisional, see docs/spikes/router.md)
[decree] prompt:
You choose the next step of a workflow. Reply with only a JSON object:
{"event": "<one option name>", "reason": "<one sentence>"}

Workflow: feature: Implement one feature spec with an AI agent, verify it, and commit.
Current step: verify: Tests and acceptance criteria have run; decide what happens next.
Step output (last 50 lines):
running 14 tests
test upload_limit::over_limit_returns_429 ... ok
test upload_limit::window_slides ... FAILED
...
test result: FAILED. 13 passed; 1 failed

Task message:
# Rate-limit /api/upload
...

Options:
- ask: Not sure; ask a person.
- pass: All acceptance criteria are met.
- retry: Failures look fixable; implement again.
- split: Scope is too large; emit smaller follow-up messages.
[decree] reply (exit 0):
{"event": "retry", "reason": "One test fails on an off-by-one in the window check; the fix is local."}
[decree] accepted: retry
